App\App.class
Domain\Entity\Characters\Players\Deimos.class
View\UI\Menu\LevelSelectorController.class
Domain\Entity\Elements\Trampas\AgujeroNegro.class
Domain\Entity\Characters\Players\Hero$1.class
Domain\Entity\Characters\Players\PlayerEntity$4.class
Domain\Entity\Characters\Players\PlayerEntity$1.class
Domain\Entity\Characters\Players\Comet.class
Domain\Entity\Characters\Players\Quasar.class
Domain\Entity\Characters\Players\PlayerEntity$10.class
Domain\Entity\Characters\Players\PlayerEntity$9.class
Domain\Entity\Characters\Players\PlayerEntity.class
Domain\Entity\Characters\Enemies\EnemyComponent.class
Domain\Entity\Characters\Enemies\AranaCosmica.class
Domain\Entity\EntityType.class
View\UI\Menu\LevelSelectorController$LevelData.class
Domain\Entity\Characters\Players\Solara.class
Domain\Entity\Elements\Trampas\NebulosaToxica.class
View\UI\Menu\MyLoadingScene.class
Domain\Entity\Characters\Enemies\DroneCombate.class
Domain\Entity\Elements\ObjetosMagicos\BombaPlasma.class
Domain\Entity\Characters\Players\OrionJr.class
Domain\Entity\Characters\Players\Eclipse.class
App\App$3.class
View\Maps\GameFactory.class
module-info.class
Domain\Entity\Characters\Players\PlayerEntity$6.class
Domain\Entity\Characters\Enemies\PirataEspacial.class
View\Maps\MapLoader.class
Domain\Entity\Elements\Trampas\TrampaAntigua.class
App\App$2.class
Domain\Entity\Characters\Enemies\EnemyEntity.class
View\UI\Menu\CharacterSelectionController.class
Domain\Entity\Characters\Players\PlayerEntity$7.class
Domain\Entity\Combat\TurnManager.class
Domain\Entity\Elements\ObjetosMagicos\AbstractItem.class
Domain\Entity\Elements\ObjetosMagicos\PocionCurativa.class
View\UI\PlayerHUD.class
Domain\Entity\Characters\Players\Phobos.class
View\UI\Menu\OptionsController.class
Domain\Entity\Characters\Enemies\Devoradorestelar.class
Domain\Entity\Elements\ObjetosMagicos\EscudoEnergia.class
Domain\Entity\Characters\Players\PlayerEntity$8.class
Domain\Entity\Elements\Trampas\TrampaBase.class
Domain\Entity\Characters\Players\Nebula.class
Domain\Entity\Characters\Players\HeroComponent.class
Domain\Entity\Characters\Players\CapOrion.class
App\App$1.class
Domain\Entity\Characters\Players\HeroStatusEffect.class
Domain\Entity\Characters\Enemies\GiganteLava.class
View\UI\Menu\CharacterSelectionController$CharacterData.class
Domain\Entity\Elements\ObjetosMagicos\ItemEntity.class
Domain\Entity\Characters\Players\Nova.class
Domain\Entity\Characters\Enemies\Enemy.class
Domain\Entity\Characters\Players\PlayerEntity$2.class
Domain\Entity\Characters\Players\Cygnus.class
Domain\Entity\Characters\Players\Vortex.class
Domain\Entity\Elements\ObjetosMagicos\GlobalInventory.class
Domain\Entity\Characters\Players\Aurora.class
Domain\Entity\Characters\Players\Zorak.class
Domain\Entity\Characters\Players\Blaze.class
Domain\Entity\Combat\CombatSystem.class
Domain\Entity\Characters\Players\PlayerEntity$5.class
Domain\Entity\Characters\Players\Lyra.class
Domain\Entity\Characters\Players\PlayerEntity$3.class
Domain\Entity\Elements\ObjetosMagicos\Item.class
Domain\Entity\Characters\Players\Titan.class
Domain\Entity\Characters\Players\Stella.class
View\UI\Menu\MenuController.class
Domain\Entity\Characters\Players\Hero.class
Domain\Entity\Characters\Players\Luna.class
Domain\Levels\Level1.class
Domain\Entity\Characters\Players\Andromeda.class
