C:\UNI\juego\Galactic odyssey\src\main\java\Domain\Entity\Characters\Enemies\DroneCombate.java
C:\UNI\juego\Galactic odyssey\src\main\java\Domain\Entity\Characters\Players\Nebula.java
C:\UNI\juego\Galactic odyssey\src\main\java\Domain\Entity\Characters\Players\Blaze.java
C:\UNI\juego\Galactic odyssey\src\main\java\View\Maps\MapLoader.java
C:\UNI\juego\Galactic odyssey\src\main\java\Domain\Entity\Elements\Trampas\NebulosaToxica.java
C:\UNI\juego\Galactic odyssey\src\main\java\Domain\Entity\Characters\Players\PlayerEntity.java
C:\UNI\juego\Galactic odyssey\src\main\java\Domain\Entity\Elements\ObjetosMagicos\AbstractItem.java
C:\UNI\juego\Galactic odyssey\src\main\java\Domain\Entity\Elements\Trampas\TrampaBase.java
C:\UNI\juego\Galactic odyssey\src\main\java\View\Maps\GameFactory.java
C:\UNI\juego\Galactic odyssey\src\main\java\Domain\Entity\Characters\Players\Luna.java
C:\UNI\juego\Galactic odyssey\src\main\java\Domain\Entity\Elements\Trampas\AgujeroNegro.java
C:\UNI\juego\Galactic odyssey\src\main\java\Domain\Entity\Characters\Players\Titan.java
C:\UNI\juego\Galactic odyssey\src\main\java\Domain\Entity\Characters\Enemies\PirataEspacial.java
C:\UNI\juego\Galactic odyssey\src\main\java\Domain\Entity\Characters\Players\OrionJr.java
C:\UNI\juego\Galactic odyssey\src\main\java\Domain\Entity\Characters\Players\Vortex.java
C:\UNI\juego\Galactic odyssey\src\main\java\View\UI\PlayerHUD.java
C:\UNI\juego\Galactic odyssey\src\main\java\Domain\Entity\Combat\CombatSystem.java
C:\UNI\juego\Galactic odyssey\src\main\java\Domain\Entity\Elements\ObjetosMagicos\ItemEntity.java
C:\UNI\juego\Galactic odyssey\src\main\java\Domain\Entity\Characters\Enemies\EnemyComponent.java
C:\UNI\juego\Galactic odyssey\src\main\java\Domain\Entity\Characters\Players\Aurora.java
C:\UNI\juego\Galactic odyssey\src\main\java\Domain\Entity\Elements\ObjetosMagicos\EscudoEnergia.java
C:\UNI\juego\Galactic odyssey\src\main\java\Domain\Entity\Characters\Enemies\Enemy.java
C:\UNI\juego\Galactic odyssey\src\main\java\Domain\Entity\Characters\Players\Stella.java
C:\UNI\juego\Galactic odyssey\src\main\java\View\UI\Menu\LevelSelectorController.java
C:\UNI\juego\Galactic odyssey\src\main\java\Domain\Levels\Level1.java
C:\UNI\juego\Galactic odyssey\src\main\java\Domain\Entity\Characters\Players\Cygnus.java
C:\UNI\juego\Galactic odyssey\src\main\java\Domain\Entity\Elements\ObjetosMagicos\GlobalInventory.java
C:\UNI\juego\Galactic odyssey\src\main\java\Domain\Entity\Characters\Players\Hero.java
C:\UNI\juego\Galactic odyssey\src\main\java\Domain\Entity\Characters\Players\Solara.java
C:\UNI\juego\Galactic odyssey\src\main\java\Domain\Entity\Characters\Players\Lyra.java
C:\UNI\juego\Galactic odyssey\src\main\java\App\App.java
C:\UNI\juego\Galactic odyssey\src\main\java\Domain\Entity\Characters\Players\Nova.java
C:\UNI\juego\Galactic odyssey\src\main\java\Domain\Entity\Characters\Enemies\EnemyEntity.java
C:\UNI\juego\Galactic odyssey\src\main\java\Domain\Entity\Characters\Players\Eclipse.java
C:\UNI\juego\Galactic odyssey\src\main\java\Domain\Entity\Characters\Players\Zorak.java
C:\UNI\juego\Galactic odyssey\src\main\java\Domain\Entity\Combat\TurnManager.java
C:\UNI\juego\Galactic odyssey\src\main\java\View\UI\Menu\MyLoadingScene.java
C:\UNI\juego\Galactic odyssey\src\main\java\Domain\Entity\Characters\Enemies\Devoradorestelar.java
C:\UNI\juego\Galactic odyssey\src\main\java\Domain\Entity\Characters\Players\Quasar.java
C:\UNI\juego\Galactic odyssey\src\main\java\View\UI\Menu\MenuController.java
C:\UNI\juego\Galactic odyssey\src\main\java\Domain\Entity\Characters\Enemies\AranaCosmica.java
C:\UNI\juego\Galactic odyssey\src\main\java\Domain\Entity\Characters\Players\Comet.java
C:\UNI\juego\Galactic odyssey\src\main\java\Domain\Entity\Elements\ObjetosMagicos\BombaPlasma.java
C:\UNI\juego\Galactic odyssey\src\main\java\Domain\Entity\Characters\Enemies\GiganteLava.java
C:\UNI\juego\Galactic odyssey\src\main\java\Domain\Entity\Characters\Players\Andromeda.java
C:\UNI\juego\Galactic odyssey\src\main\java\Domain\Entity\Elements\Trampas\TrampaAntigua.java
C:\UNI\juego\Galactic odyssey\src\main\java\View\UI\Menu\CharacterSelectionController.java
C:\UNI\juego\Galactic odyssey\src\main\java\Domain\Entity\Characters\Players\Deimos.java
C:\UNI\juego\Galactic odyssey\src\main\java\Domain\Entity\Elements\ObjetosMagicos\PocionCurativa.java
C:\UNI\juego\Galactic odyssey\src\main\java\View\UI\Menu\OptionsController.java
C:\UNI\juego\Galactic odyssey\src\main\java\Domain\Entity\Characters\Players\HeroComponent.java
C:\UNI\juego\Galactic odyssey\src\main\java\module-info.java
C:\UNI\juego\Galactic odyssey\src\main\java\Domain\Entity\Characters\Players\HeroStatusEffect.java
C:\UNI\juego\Galactic odyssey\src\main\java\Domain\Entity\EntityType.java
C:\UNI\juego\Galactic odyssey\src\main\java\Domain\Entity\Characters\Players\Phobos.java
C:\UNI\juego\Galactic odyssey\src\main\java\Domain\Entity\Characters\Players\CapOrion.java
C:\UNI\juego\Galactic odyssey\src\main\java\Domain\Entity\Elements\ObjetosMagicos\Item.java
